// Jest Snapshot v1, https://goo.gl/fbAQLP

exports[`utf8-win1251 transcoding 1`] = `
Object {
  "data": Object {
    "data": Array [
      65,
      80,
      61,
      49,
      49,
      49,
      49,
      13,
      10,
      82,
      69,
      81,
      95,
      84,
      89,
      80,
      69,
      61,
      236,
      224,
      236,
      224,
      32,
      236,
      251,
      235,
      224,
      32,
      240,
      224,
      236,
      243,
    ],
    "type": "Buffer",
  },
  "headers": Object {
    "Content-Type": "text/plain; encoding=windows-1251",
    "x-sign": "H5JyXfWP2ebpE8mIur5aO09nP4d64xV8bP6g7NpP87R5%2BkSiR9wU8s6%2FxghqvmHRukB5II2jGDYGAU5wQeXZyC0ZVj13sXP2MsdfY2Oy%2BhJ1T%2F4Q99LAZNl49ymZlbvHq%2B50D9jnOqZ07AsxOU34yTB%2BajzipoRKhBfW7V9OE30%3D",
  },
  "method": "POST",
  "responseType": "arraybuffer",
  "transformResponse": [Function],
  "url": "https://predproc.tothemars.io/pay",
}
`;

exports[`utf8-win1251 transcoding 2`] = `
Object {
  "BAR": "зайчики заплакали",
  "FOO": "уточки закрякали",
}
`;
